
Merging program properties


As-needed library included to satisfy reference by file (symbol)

libopencv_highgui.so.4.5d     facedetect.o (cv::destroyAllWindows())
libopencv_videoio.so.4.5d     facedetect.o (cv::VideoCapture::~VideoCapture())
libopencv_objdetect.so.4.5d   facedetect.o (cv::CascadeClassifier::detectMultiScale(cv::_InputArray const&, std::vector<cv::Rect_<int>, std::allocator<cv::Rect_<int> > >&, double, int, int, cv::Size_<int>, cv::Size_<int>))
libopencv_imgproc.so.4.5d     facedetect.o (cv::putText(cv::_InputOutputArray const&, std::__cxx11::basic_string<char, std::char_traits<char>, std::allocator<char> > const&, cv::Point_<int>, int, double, cv::Scalar_<double>, int, int, bool))
libopencv_core.so.4.5d        facedetect.o (cv::Mat::empty() const)
libstdc++.so.6                facedetect.o (std::__cxx11::basic_string<char, std::char_traits<char>, std::allocator<char> >::_S_copy_chars(char*, char const*, char const*)@@GLIBCXX_3.4.21)
libgcc_s.so.1                 facedetect.o (_Unwind_Resume@@GCC_3.0)
libc.so.6                     facedetect.o (sched_get_priority_min@@GLIBC_2.2.5)

Discarded input sections

 .note.GNU-stack
                0x0000000000000000        0x0 /usr/lib/gcc/x86_64-linux-gnu/11/../../../x86_64-linux-gnu/Scrt1.o
 .note.gnu.property
                0x0000000000000000       0x20 /usr/lib/gcc/x86_64-linux-gnu/11/../../../x86_64-linux-gnu/crti.o
 .note.GNU-stack
                0x0000000000000000        0x0 /usr/lib/gcc/x86_64-linux-gnu/11/../../../x86_64-linux-gnu/crti.o
 .note.GNU-stack
                0x0000000000000000        0x0 /usr/lib/gcc/x86_64-linux-gnu/11/crtbeginS.o
 .note.gnu.property
                0x0000000000000000       0x20 /usr/lib/gcc/x86_64-linux-gnu/11/crtbeginS.o
 .group         0x0000000000000000        0xc facedetect.o
 .group         0x0000000000000000        0x8 facedetect.o
 .group         0x0000000000000000        0xc facedetect.o
 .group         0x0000000000000000        0xc facedetect.o
 .group         0x0000000000000000        0x8 facedetect.o
 .group         0x0000000000000000        0xc facedetect.o
 .group         0x0000000000000000        0xc facedetect.o
 .group         0x0000000000000000        0xc facedetect.o
 .group         0x0000000000000000        0xc facedetect.o
 .group         0x0000000000000000        0xc facedetect.o
 .group         0x0000000000000000        0xc facedetect.o
 .group         0x0000000000000000        0xc facedetect.o
 .group         0x0000000000000000        0xc facedetect.o
 .group         0x0000000000000000        0xc facedetect.o
 .group         0x0000000000000000        0x8 facedetect.o
 .group         0x0000000000000000        0xc facedetect.o
 .group         0x0000000000000000        0xc facedetect.o
 .group         0x0000000000000000        0x8 facedetect.o
 .group         0x0000000000000000        0x8 facedetect.o
 .group         0x0000000000000000        0xc facedetect.o
 .group         0x0000000000000000        0x8 facedetect.o
 .group         0x0000000000000000        0xc facedetect.o
 .group         0x0000000000000000        0xc facedetect.o
 .group         0x0000000000000000        0xc facedetect.o
 .group         0x0000000000000000        0xc facedetect.o
 .group         0x0000000000000000        0x8 facedetect.o
 .group         0x0000000000000000        0x8 facedetect.o
 .group         0x0000000000000000        0xc facedetect.o
 .group         0x0000000000000000        0xc facedetect.o
 .group         0x0000000000000000        0xc facedetect.o
 .group         0x0000000000000000        0xc facedetect.o
 .group         0x0000000000000000        0xc facedetect.o
 .group         0x0000000000000000        0xc facedetect.o
 .group         0x0000000000000000        0xc facedetect.o
 .group         0x0000000000000000        0xc facedetect.o
 .group         0x0000000000000000        0x8 facedetect.o
 .group         0x0000000000000000        0x8 facedetect.o
 .group         0x0000000000000000        0xc facedetect.o
 .group         0x0000000000000000        0x8 facedetect.o
 .group         0x0000000000000000        0xc facedetect.o
 .group         0x0000000000000000        0xc facedetect.o
 .group         0x0000000000000000        0x8 facedetect.o
 .group         0x0000000000000000        0x8 facedetect.o
 .group         0x0000000000000000        0x8 facedetect.o
 .group         0x0000000000000000        0x8 facedetect.o
 .group         0x0000000000000000        0x8 facedetect.o
 .group         0x0000000000000000        0xc facedetect.o
 .group         0x0000000000000000        0xc facedetect.o
 .group         0x0000000000000000        0xc facedetect.o
 .group         0x0000000000000000        0xc facedetect.o
 .group         0x0000000000000000        0x8 facedetect.o
 .group         0x0000000000000000        0xc facedetect.o
 .note.GNU-stack
                0x0000000000000000        0x0 facedetect.o
 .note.gnu.property
                0x0000000000000000       0x20 facedetect.o
 .note.GNU-stack
                0x0000000000000000        0x0 /usr/lib/gcc/x86_64-linux-gnu/11/crtendS.o
 .note.gnu.property
                0x0000000000000000       0x20 /usr/lib/gcc/x86_64-linux-gnu/11/crtendS.o
 .note.gnu.property
                0x0000000000000000       0x20 /usr/lib/gcc/x86_64-linux-gnu/11/../../../x86_64-linux-gnu/crtn.o
 .note.GNU-stack
                0x0000000000000000        0x0 /usr/lib/gcc/x86_64-linux-gnu/11/../../../x86_64-linux-gnu/crtn.o

Memory Configuration

Name             Origin             Length             Attributes
*default*        0x0000000000000000 0xffffffffffffffff

Linker script and memory map

LOAD /usr/lib/gcc/x86_64-linux-gnu/11/../../../x86_64-linux-gnu/Scrt1.o
LOAD /usr/lib/gcc/x86_64-linux-gnu/11/../../../x86_64-linux-gnu/crti.o
LOAD /usr/lib/gcc/x86_64-linux-gnu/11/crtbeginS.o
LOAD facedetect.o
LOAD /usr/lib/gcc/x86_64-linux-gnu/11/../../../x86_64-linux-gnu/libopencv_stitching.so
LOAD /usr/lib/gcc/x86_64-linux-gnu/11/../../../x86_64-linux-gnu/libopencv_alphamat.so
LOAD /usr/lib/gcc/x86_64-linux-gnu/11/../../../x86_64-linux-gnu/libopencv_aruco.so
LOAD /usr/lib/gcc/x86_64-linux-gnu/11/../../../x86_64-linux-gnu/libopencv_barcode.so
LOAD /usr/lib/gcc/x86_64-linux-gnu/11/../../../x86_64-linux-gnu/libopencv_bgsegm.so
LOAD /usr/lib/gcc/x86_64-linux-gnu/11/../../../x86_64-linux-gnu/libopencv_bioinspired.so
LOAD /usr/lib/gcc/x86_64-linux-gnu/11/../../../x86_64-linux-gnu/libopencv_ccalib.so
LOAD /usr/lib/gcc/x86_64-linux-gnu/11/../../../x86_64-linux-gnu/libopencv_dnn_objdetect.so
LOAD /usr/lib/gcc/x86_64-linux-gnu/11/../../../x86_64-linux-gnu/libopencv_dnn_superres.so
LOAD /usr/lib/gcc/x86_64-linux-gnu/11/../../../x86_64-linux-gnu/libopencv_dpm.so
LOAD /usr/lib/gcc/x86_64-linux-gnu/11/../../../x86_64-linux-gnu/libopencv_face.so
LOAD /usr/lib/gcc/x86_64-linux-gnu/11/../../../x86_64-linux-gnu/libopencv_freetype.so
LOAD /usr/lib/gcc/x86_64-linux-gnu/11/../../../x86_64-linux-gnu/libopencv_fuzzy.so
LOAD /usr/lib/gcc/x86_64-linux-gnu/11/../../../x86_64-linux-gnu/libopencv_hdf.so
LOAD /usr/lib/gcc/x86_64-linux-gnu/11/../../../x86_64-linux-gnu/libopencv_hfs.so
LOAD /usr/lib/gcc/x86_64-linux-gnu/11/../../../x86_64-linux-gnu/libopencv_img_hash.so
LOAD /usr/lib/gcc/x86_64-linux-gnu/11/../../../x86_64-linux-gnu/libopencv_intensity_transform.so
LOAD /usr/lib/gcc/x86_64-linux-gnu/11/../../../x86_64-linux-gnu/libopencv_line_descriptor.so
LOAD /usr/lib/gcc/x86_64-linux-gnu/11/../../../x86_64-linux-gnu/libopencv_mcc.so
LOAD /usr/lib/gcc/x86_64-linux-gnu/11/../../../x86_64-linux-gnu/libopencv_quality.so
LOAD /usr/lib/gcc/x86_64-linux-gnu/11/../../../x86_64-linux-gnu/libopencv_rapid.so
LOAD /usr/lib/gcc/x86_64-linux-gnu/11/../../../x86_64-linux-gnu/libopencv_reg.so
LOAD /usr/lib/gcc/x86_64-linux-gnu/11/../../../x86_64-linux-gnu/libopencv_rgbd.so
LOAD /usr/lib/gcc/x86_64-linux-gnu/11/../../../x86_64-linux-gnu/libopencv_saliency.so
LOAD /usr/lib/gcc/x86_64-linux-gnu/11/../../../x86_64-linux-gnu/libopencv_shape.so
LOAD /usr/lib/gcc/x86_64-linux-gnu/11/../../../x86_64-linux-gnu/libopencv_stereo.so
LOAD /usr/lib/gcc/x86_64-linux-gnu/11/../../../x86_64-linux-gnu/libopencv_structured_light.so
LOAD /usr/lib/gcc/x86_64-linux-gnu/11/../../../x86_64-linux-gnu/libopencv_phase_unwrapping.so
LOAD /usr/lib/gcc/x86_64-linux-gnu/11/../../../x86_64-linux-gnu/libopencv_superres.so
LOAD /usr/lib/gcc/x86_64-linux-gnu/11/../../../x86_64-linux-gnu/libopencv_optflow.so
LOAD /usr/lib/gcc/x86_64-linux-gnu/11/../../../x86_64-linux-gnu/libopencv_surface_matching.so
LOAD /usr/lib/gcc/x86_64-linux-gnu/11/../../../x86_64-linux-gnu/libopencv_tracking.so
LOAD /usr/lib/gcc/x86_64-linux-gnu/11/../../../x86_64-linux-gnu/libopencv_highgui.so
LOAD /usr/lib/gcc/x86_64-linux-gnu/11/../../../x86_64-linux-gnu/libopencv_datasets.so
LOAD /usr/lib/gcc/x86_64-linux-gnu/11/../../../x86_64-linux-gnu/libopencv_text.so
LOAD /usr/lib/gcc/x86_64-linux-gnu/11/../../../x86_64-linux-gnu/libopencv_plot.so
LOAD /usr/lib/gcc/x86_64-linux-gnu/11/../../../x86_64-linux-gnu/libopencv_ml.so
LOAD /usr/lib/gcc/x86_64-linux-gnu/11/../../../x86_64-linux-gnu/libopencv_videostab.so
LOAD /usr/lib/gcc/x86_64-linux-gnu/11/../../../x86_64-linux-gnu/libopencv_videoio.so
LOAD /usr/lib/gcc/x86_64-linux-gnu/11/../../../x86_64-linux-gnu/libopencv_viz.so
LOAD /usr/lib/gcc/x86_64-linux-gnu/11/../../../x86_64-linux-gnu/libopencv_wechat_qrcode.so
LOAD /usr/lib/gcc/x86_64-linux-gnu/11/../../../x86_64-linux-gnu/libopencv_ximgproc.so
LOAD /usr/lib/gcc/x86_64-linux-gnu/11/../../../x86_64-linux-gnu/libopencv_video.so
LOAD /usr/lib/gcc/x86_64-linux-gnu/11/../../../x86_64-linux-gnu/libopencv_xobjdetect.so
LOAD /usr/lib/gcc/x86_64-linux-gnu/11/../../../x86_64-linux-gnu/libopencv_objdetect.so
LOAD /usr/lib/gcc/x86_64-linux-gnu/11/../../../x86_64-linux-gnu/libopencv_calib3d.so
LOAD /usr/lib/gcc/x86_64-linux-gnu/11/../../../x86_64-linux-gnu/libopencv_imgcodecs.so
LOAD /usr/lib/gcc/x86_64-linux-gnu/11/../../../x86_64-linux-gnu/libopencv_features2d.so
LOAD /usr/lib/gcc/x86_64-linux-gnu/11/../../../x86_64-linux-gnu/libopencv_dnn.so
LOAD /usr/lib/gcc/x86_64-linux-gnu/11/../../../x86_64-linux-gnu/libopencv_flann.so
LOAD /usr/lib/gcc/x86_64-linux-gnu/11/../../../x86_64-linux-gnu/libopencv_xphoto.so
LOAD /usr/lib/gcc/x86_64-linux-gnu/11/../../../x86_64-linux-gnu/libopencv_photo.so
LOAD /usr/lib/gcc/x86_64-linux-gnu/11/../../../x86_64-linux-gnu/libopencv_imgproc.so
LOAD /usr/lib/gcc/x86_64-linux-gnu/11/../../../x86_64-linux-gnu/libopencv_core.so
LOAD /usr/lib/gcc/x86_64-linux-gnu/11/../../../x86_64-linux-gnu/libopencv_core.so
LOAD /usr/lib/gcc/x86_64-linux-gnu/11/../../../x86_64-linux-gnu/libopencv_flann.so
LOAD /usr/lib/gcc/x86_64-linux-gnu/11/../../../x86_64-linux-gnu/libopencv_video.so
LOAD /usr/lib/gcc/x86_64-linux-gnu/11/../../../x86_64-linux-gnu/librt.a
LOAD /usr/lib/gcc/x86_64-linux-gnu/11/../../../x86_64-linux-gnu/libpthread.a
LOAD /usr/lib/gcc/x86_64-linux-gnu/11/libstdc++.so
LOAD /usr/lib/gcc/x86_64-linux-gnu/11/../../../x86_64-linux-gnu/libm.so
START GROUP
LOAD /lib/x86_64-linux-gnu/libm.so.6
LOAD /lib/x86_64-linux-gnu/libmvec.so.1
END GROUP
LOAD /usr/lib/gcc/x86_64-linux-gnu/11/libgcc_s.so
START GROUP
LOAD /usr/lib/gcc/x86_64-linux-gnu/11/../../../x86_64-linux-gnu/libgcc_s.so.1
LOAD /usr/lib/gcc/x86_64-linux-gnu/11/libgcc.a
END GROUP
LOAD /usr/lib/gcc/x86_64-linux-gnu/11/libgcc.a
LOAD /usr/lib/gcc/x86_64-linux-gnu/11/../../../x86_64-linux-gnu/libc.so
START GROUP
LOAD /lib/x86_64-linux-gnu/libc.so.6
LOAD /usr/lib/x86_64-linux-gnu/libc_nonshared.a
LOAD /lib64/ld-linux-x86-64.so.2
END GROUP
LOAD /usr/lib/gcc/x86_64-linux-gnu/11/libgcc_s.so
START GROUP
LOAD /usr/lib/gcc/x86_64-linux-gnu/11/../../../x86_64-linux-gnu/libgcc_s.so.1
LOAD /usr/lib/gcc/x86_64-linux-gnu/11/libgcc.a
END GROUP
LOAD /usr/lib/gcc/x86_64-linux-gnu/11/libgcc.a
LOAD /usr/lib/gcc/x86_64-linux-gnu/11/crtendS.o
LOAD /usr/lib/gcc/x86_64-linux-gnu/11/../../../x86_64-linux-gnu/crtn.o
                [!provide]                        PROVIDE (__executable_start = SEGMENT_START ("text-segment", 0x0))
                0x0000000000000318                . = (SEGMENT_START ("text-segment", 0x0) + SIZEOF_HEADERS)

.interp         0x0000000000000318       0x1c
 *(.interp)
 .interp        0x0000000000000318       0x1c /usr/lib/gcc/x86_64-linux-gnu/11/../../../x86_64-linux-gnu/Scrt1.o

.note.gnu.property
                0x0000000000000338       0x30
 .note.gnu.property
                0x0000000000000338       0x30 /usr/lib/gcc/x86_64-linux-gnu/11/../../../x86_64-linux-gnu/Scrt1.o

.note.gnu.build-id
                0x0000000000000368       0x24
 *(.note.gnu.build-id)
 .note.gnu.build-id
                0x0000000000000368       0x24 /usr/lib/gcc/x86_64-linux-gnu/11/../../../x86_64-linux-gnu/Scrt1.o

.note.ABI-tag   0x000000000000038c       0x20
 .note.ABI-tag  0x000000000000038c       0x20 /usr/lib/gcc/x86_64-linux-gnu/11/../../../x86_64-linux-gnu/Scrt1.o

.hash
 *(.hash)

.gnu.hash       0x00000000000003b0       0x44
 *(.gnu.hash)
 .gnu.hash      0x00000000000003b0       0x44 /usr/lib/gcc/x86_64-linux-gnu/11/../../../x86_64-linux-gnu/Scrt1.o

.dynsym         0x00000000000003f8      0x798
 *(.dynsym)
 .dynsym        0x00000000000003f8      0x798 /usr/lib/gcc/x86_64-linux-gnu/11/../../../x86_64-linux-gnu/Scrt1.o

.dynstr         0x0000000000000b90      0xb52
 *(.dynstr)
 .dynstr        0x0000000000000b90      0xb52 /usr/lib/gcc/x86_64-linux-gnu/11/../../../x86_64-linux-gnu/Scrt1.o

.gnu.version    0x00000000000016e2       0xa2
 *(.gnu.version)
 .gnu.version   0x00000000000016e2       0xa2 /usr/lib/gcc/x86_64-linux-gnu/11/../../../x86_64-linux-gnu/Scrt1.o

.gnu.version_d  0x0000000000001788        0x0
 *(.gnu.version_d)
 .gnu.version_d
                0x0000000000001788        0x0 /usr/lib/gcc/x86_64-linux-gnu/11/../../../x86_64-linux-gnu/Scrt1.o

.gnu.version_r  0x0000000000001788       0xc0
 *(.gnu.version_r)
 .gnu.version_r
                0x0000000000001788       0xc0 /usr/lib/gcc/x86_64-linux-gnu/11/../../../x86_64-linux-gnu/Scrt1.o

.rela.dyn       0x0000000000001848      0x150
 *(.rela.init)
 *(.rela.text .rela.text.* .rela.gnu.linkonce.t.*)
 .rela.text._ZNSt16_Sp_counted_baseILN9__gnu_cxx12_Lock_policyE2EE15_M_add_ref_copyEv
                0x0000000000001848        0x0 /usr/lib/gcc/x86_64-linux-gnu/11/../../../x86_64-linux-gnu/Scrt1.o
 *(.rela.fini)
 *(.rela.rodata .rela.rodata.* .rela.gnu.linkonce.r.*)
 *(.rela.data .rela.data.* .rela.gnu.linkonce.d.*)
 .rela.data.rel.ro
                0x0000000000001848        0x0 /usr/lib/gcc/x86_64-linux-gnu/11/../../../x86_64-linux-gnu/Scrt1.o
 .rela.data.rel.local
                0x0000000000001848       0x18 /usr/lib/gcc/x86_64-linux-gnu/11/../../../x86_64-linux-gnu/Scrt1.o
 .rela.data.rel.local.DW.ref.__gxx_personality_v0
                0x0000000000001860       0x18 /usr/lib/gcc/x86_64-linux-gnu/11/../../../x86_64-linux-gnu/Scrt1.o
 *(.rela.tdata .rela.tdata.* .rela.gnu.linkonce.td.*)
 *(.rela.tbss .rela.tbss.* .rela.gnu.linkonce.tb.*)
 *(.rela.ctors)
 *(.rela.dtors)
 *(.rela.got)
 .rela.got      0x0000000000001878       0xc0 /usr/lib/gcc/x86_64-linux-gnu/11/../../../x86_64-linux-gnu/Scrt1.o
 *(.rela.bss .rela.bss.* .rela.gnu.linkonce.b.*)
 .rela.bss      0x0000000000001938       0x18 /usr/lib/gcc/x86_64-linux-gnu/11/../../../x86_64-linux-gnu/Scrt1.o
 *(.rela.ldata .rela.ldata.* .rela.gnu.linkonce.l.*)
 *(.rela.lbss .rela.lbss.* .rela.gnu.linkonce.lb.*)
 *(.rela.lrodata .rela.lrodata.* .rela.gnu.linkonce.lr.*)
 *(.rela.ifunc)
 .rela.ifunc    0x0000000000001950        0x0 /usr/lib/gcc/x86_64-linux-gnu/11/../../../x86_64-linux-gnu/Scrt1.o
 .rela.fini_array
                0x0000000000001950       0x18 /usr/lib/gcc/x86_64-linux-gnu/11/../../../x86_64-linux-gnu/Scrt1.o
 .rela.init_array
                0x0000000000001968       0x30 /usr/lib/gcc/x86_64-linux-gnu/11/../../../x86_64-linux-gnu/Scrt1.o
 .rela.eh_frame
                0x0000000000001998        0x0 /usr/lib/gcc/x86_64-linux-gnu/11/../../../x86_64-linux-gnu/Scrt1.o

.rela.plt       0x0000000000001998      0x630
 *(.rela.plt)
 .rela.plt      0x0000000000001998      0x630 /usr/lib/gcc/x86_64-linux-gnu/11/../../../x86_64-linux-gnu/Scrt1.o
 *(.rela.iplt)

.relr.dyn
 *(.relr.dyn)
                0x0000000000002000                . = ALIGN (CONSTANT (MAXPAGESIZE))

.init           0x0000000000002000       0x1b
 *(SORT_NONE(.init))
 .init          0x0000000000002000       0x16 /usr/lib/gcc/x86_64-linux-gnu/11/../../../x86_64-linux-gnu/crti.o
                0x0000000000002000                _init
 .init          0x0000000000002016        0x5 /usr/lib/gcc/x86_64-linux-gnu/11/../../../x86_64-linux-gnu/crtn.o

.plt            0x0000000000002020      0x430
 *(.plt)
 .plt           0x0000000000002020      0x430 /usr/lib/gcc/x86_64-linux-gnu/11/../../../x86_64-linux-gnu/Scrt1.o
 *(.iplt)

.plt.got        0x0000000000002450       0x30
 *(.plt.got)
 .plt.got       0x0000000000002450       0x30 /usr/lib/gcc/x86_64-linux-gnu/11/../../../x86_64-linux-gnu/Scrt1.o
                0x0000000000002450                cv::CascadeClassifier::~CascadeClassifier()
                0x0000000000002460                std::__cxx11::basic_string<char, std::char_traits<char>, std::allocator<char> >::~basic_string()@@GLIBCXX_3.4.21
                0x0000000000002470                __cxa_finalize@@GLIBC_2.2.5

.plt.sec        0x0000000000002480      0x420
 *(.plt.sec)
 .plt.sec       0x0000000000002480      0x420 /usr/lib/gcc/x86_64-linux-gnu/11/../../../x86_64-linux-gnu/Scrt1.o
                0x0000000000002480                cv::imshow(std::__cxx11::basic_string<char, std::char_traits<char>, std::allocator<char> > const&, cv::_InputArray const&)
                0x0000000000002490                std::__cxx11::basic_string<char, std::char_traits<char>, std::allocator<char> >::_M_data() const@@GLIBCXX_3.4.21
                0x00000000000024a0                get_nprocs_conf@@GLIBC_2.2.5
                0x00000000000024b0                cv::rectangle(cv::_InputOutputArray const&, cv::Point_<int>, cv::Point_<int>, cv::Scalar_<double> const&, int, int, int)
                0x00000000000024c0                cv::Mat::Mat()
                0x00000000000024d0                __stack_chk_fail@@GLIBC_2.4
                0x00000000000024e0                cv::Mat::~Mat()
                0x00000000000024f0                std::__cxx11::basic_string<char, std::char_traits<char>, std::allocator<char> >::operator=(char const*)@@GLIBCXX_3.4.21
                0x0000000000002500                cv::VideoCapture::operator>>(cv::Mat&)
                0x0000000000002510                pthread_attr_setinheritsched@@GLIBC_2.2.5
                0x0000000000002520                cv::CascadeClassifier::load(std::__cxx11::basic_string<char, std::char_traits<char>, std::allocator<char> > const&)
                0x0000000000002530                __cxa_atexit@@GLIBC_2.2.5
                0x0000000000002540                std::allocator<char>::~allocator()@@GLIBCXX_3.4
                0x0000000000002550                std::allocator<char>::allocator()@@GLIBCXX_3.4
                0x0000000000002560                get_nprocs@@GLIBC_2.2.5
                0x0000000000002570                sched_setscheduler@@GLIBC_2.2.5
                0x0000000000002580                pthread_create@@GLIBC_2.34
                0x0000000000002590                std::__cxx11::basic_string<char, std::char_traits<char>, std::allocator<char> >::_Alloc_hider::_Alloc_hider(char*, std::allocator<char> const&)@@GLIBCXX_3.4.21
                0x00000000000025a0                std::__cxx11::basic_string<char, std::char_traits<char>, std::allocator<char> >::_S_copy_chars(char*, char const*, char const*)@@GLIBCXX_3.4.21
                0x00000000000025b0                cv::cvtColor(cv::_InputArray const&, cv::_OutputArray const&, int, int)
                0x00000000000025c0                printf@@GLIBC_2.2.5
                0x00000000000025d0                sched_get_priority_max@@GLIBC_2.2.5
                0x00000000000025e0                sched_get_priority_min@@GLIBC_2.2.5
                0x00000000000025f0                gettimeofday@@GLIBC_2.2.5
                0x0000000000002600                pthread_attr_setschedparam@@GLIBC_2.2.5
                0x0000000000002610                cv::Mat::empty() const
                0x0000000000002620                cv::VideoCapture::~VideoCapture()
                0x0000000000002630                std::__cxx11::basic_string<char, std::char_traits<char>, std::allocator<char> >::_M_dispose()@@GLIBCXX_3.4.21
                0x0000000000002640                sched_getscheduler@@GLIBC_2.2.5
                0x0000000000002650                puts@@GLIBC_2.2.5
                0x0000000000002660                cv::format[abi:cxx11](char const*, ...)
                0x0000000000002670                cv::CascadeClassifier::CascadeClassifier()
                0x0000000000002680                pthread_attr_setaffinity_np@@GLIBC_2.32
                0x0000000000002690                getpid@@GLIBC_2.2.5
                0x00000000000026a0                cv::VideoCapture::VideoCapture()
                0x00000000000026b0                __cxa_begin_catch@@CXXABI_1.3
                0x00000000000026c0                cv::putText(cv::_InputOutputArray const&, std::__cxx11::basic_string<char, std::char_traits<char>, std::allocator<char> > const&, cv::Point_<int>, int, double, cv::Scalar_<double>, int, int, bool)
                0x00000000000026d0                operator delete(void*, unsigned long)@@CXXABI_1.3.9
                0x00000000000026e0                pthread_join@@GLIBC_2.34
                0x00000000000026f0                std::__cxx11::basic_string<char, std::char_traits<char>, std::allocator<char> >::_M_local_data()@@GLIBCXX_3.4.21
                0x0000000000002700                strlen@@GLIBC_2.2.5
                0x0000000000002710                sem_destroy@@GLIBC_2.34
                0x0000000000002720                _Unwind_Resume@@GCC_3.0
                0x0000000000002730                std::__cxx11::basic_string<char, std::char_traits<char>, std::allocator<char> >::_M_create(unsigned long&, unsigned long)@@GLIBCXX_3.4.21
                0x0000000000002740                cv::getTickCount()
                0x0000000000002750                std::__cxx11::basic_string<char, std::char_traits<char>, std::allocator<char> >::_M_capacity(unsigned long)@@GLIBCXX_3.4.21
                0x0000000000002760                std::__throw_logic_error(char const*)@@GLIBCXX_3.4
                0x0000000000002770                pthread_attr_init@@GLIBC_2.2.5
                0x0000000000002780                sem_init@@GLIBC_2.34
                0x0000000000002790                std::__cxx11::basic_string<char, std::char_traits<char>, std::allocator<char> >::_M_data(char*)@@GLIBCXX_3.4.21
                0x00000000000027a0                cv::getTickFrequency()
                0x00000000000027b0                perror@@GLIBC_2.2.5
                0x00000000000027c0                cv::CascadeClassifier::detectMultiScale(cv::_InputArray const&, std::vector<cv::Rect_<int>, std::allocator<cv::Rect_<int> > >&, double, int, int, cv::Size_<int>, cv::Size_<int>)
                0x00000000000027d0                std::__cxx11::basic_string<char, std::char_traits<char>, std::allocator<char> >::basic_string()@@GLIBCXX_3.4.21
                0x00000000000027e0                exit@@GLIBC_2.2.5
                0x00000000000027f0                pthread_attr_destroy@@GLIBC_2.2.5
                0x0000000000002800                __cxa_end_catch@@CXXABI_1.3
                0x0000000000002810                __cxa_rethrow@@CXXABI_1.3
                0x0000000000002820                cv::waitKey(int)
                0x0000000000002830                cv::destroyAllWindows()
                0x0000000000002840                std::ios_base::Init::Init()@@GLIBCXX_3.4
                0x0000000000002850                cv::resize(cv::_InputArray const&, cv::_OutputArray const&, cv::Size_<int>, double, double, int)
                0x0000000000002860                std::__cxx11::basic_string<char, std::char_traits<char>, std::allocator<char> >::_M_set_length(unsigned long)@@GLIBCXX_3.4.21
                0x0000000000002870                cv::VideoCapture::open(int, int)
                0x0000000000002880                pthread_attr_setschedpolicy@@GLIBC_2.2.5
                0x0000000000002890                std::allocator<char>::~allocator()@@GLIBCXX_3.4

.text           0x00000000000028a0     0x1f6b
 *(.text.unlikely .text.*_unlikely .text.unlikely.*)
 *(.text.exit .text.exit.*)
 *(.text.startup .text.startup.*)
 *(.text.hot .text.hot.*)
 *(SORT_BY_NAME(.text.sorted.*))
 *(.text .stub .text.* .gnu.linkonce.t.*)
 .text          0x00000000000028a0       0x26 /usr/lib/gcc/x86_64-linux-gnu/11/../../../x86_64-linux-gnu/Scrt1.o
                0x00000000000028a0                _start
 .text          0x00000000000028c6        0x0 /usr/lib/gcc/x86_64-linux-gnu/11/../../../x86_64-linux-gnu/crti.o
 *fill*         0x00000000000028c6        0xa 
 .text          0x00000000000028d0       0xb9 /usr/lib/gcc/x86_64-linux-gnu/11/crtbeginS.o
 .text          0x0000000000002989     0x13bb facedetect.o
                0x0000000000002989                read_time(double*)
                0x0000000000002a3d                detectFaceOpenCVHaar(cv::CascadeClassifier, cv::Mat&, int, int)
                0x000000000000309d                FaceDetectService(void*)
                0x00000000000034dd                ServoActuatorService(void*)
                0x00000000000034f8                ServoShootService(void*)
                0x0000000000003513                print_scheduler()
                0x000000000000358c                main
 .text._ZNSt11char_traitsIcE6lengthEPKc
                0x0000000000003d44       0x3e facedetect.o
                0x0000000000003d44                std::char_traits<char>::length(char const*)
 .text._ZN2cv11_InputArray4initEiPKv
                0x0000000000003d82       0x2b facedetect.o
                0x0000000000003d82                cv::_InputArray::init(int, void const*)
 *fill*         0x0000000000003dad        0x1 
 .text._ZN2cv11_InputArrayC2Ev
                0x0000000000003dae       0x39 facedetect.o
                0x0000000000003dae                cv::_InputArray::_InputArray()
                0x0000000000003dae                cv::_InputArray::_InputArray()
 *fill*         0x0000000000003de7        0x1 
 .text._ZN2cv11_InputArrayC2ERKNS_3MatE
                0x0000000000003de8       0x3c facedetect.o
                0x0000000000003de8                cv::_InputArray::_InputArray(cv::Mat const&)
                0x0000000000003de8                cv::_InputArray::_InputArray(cv::Mat const&)
 .text._ZN2cv11_InputArrayD2Ev
                0x0000000000003e24        0xf facedetect.o
                0x0000000000003e24                cv::_InputArray::~_InputArray()
                0x0000000000003e24                cv::_InputArray::~_InputArray()
 *fill*         0x0000000000003e33        0x1 
 .text._ZN2cv12_OutputArrayC2Ev
                0x0000000000003e34       0x35 facedetect.o
                0x0000000000003e34                cv::_OutputArray::_OutputArray()
                0x0000000000003e34                cv::_OutputArray::_OutputArray()
 *fill*         0x0000000000003e69        0x1 
 .text._ZN2cv12_OutputArrayC2ERNS_3MatE
                0x0000000000003e6a       0x38 facedetect.o
                0x0000000000003e6a                cv::_OutputArray::_OutputArray(cv::Mat&)
                0x0000000000003e6a                cv::_OutputArray::_OutputArray(cv::Mat&)
 .text._ZN2cv12_OutputArrayD2Ev
                0x0000000000003ea2       0x1f facedetect.o
                0x0000000000003ea2                cv::_OutputArray::~_OutputArray()
                0x0000000000003ea2                cv::_OutputArray::~_OutputArray()
 *fill*         0x0000000000003ec1        0x1 
 .text._ZN2cv17_InputOutputArrayC2ERNS_3MatE
                0x0000000000003ec2       0x38 facedetect.o
                0x0000000000003ec2                cv::_InputOutputArray::_InputOutputArray(cv::Mat&)
                0x0000000000003ec2                cv::_InputOutputArray::_InputOutputArray(cv::Mat&)
 .text._ZNSt12_Vector_baseIN2cv5Rect_IiEESaIS2_EE12_Vector_implD2Ev
                0x0000000000003efa       0x1f facedetect.o
                0x0000000000003efa                std::_Vector_base<cv::Rect_<int>, std::allocator<cv::Rect_<int> > >::_Vector_impl::~_Vector_impl()
                0x0000000000003efa                std::_Vector_base<cv::Rect_<int>, std::allocator<cv::Rect_<int> > >::_Vector_impl::~_Vector_impl()
 *fill*         0x0000000000003f19        0x1 
 .text._ZNSt12_Vector_baseIN2cv5Rect_IiEESaIS2_EEC2Ev
                0x0000000000003f1a       0x1f facedetect.o
                0x0000000000003f1a                std::_Vector_base<cv::Rect_<int>, std::allocator<cv::Rect_<int> > >::_Vector_base()
                0x0000000000003f1a                std::_Vector_base<cv::Rect_<int>, std::allocator<cv::Rect_<int> > >::_Vector_base()
 *fill*         0x0000000000003f39        0x1 
 .text._ZNSt6vectorIN2cv5Rect_IiEESaIS2_EEC2Ev
                0x0000000000003f3a       0x1f facedetect.o
                0x0000000000003f3a                std::vector<cv::Rect_<int>, std::allocator<cv::Rect_<int> > >::vector()
                0x0000000000003f3a                std::vector<cv::Rect_<int>, std::allocator<cv::Rect_<int> > >::vector()
 *fill*         0x0000000000003f59        0x1 
 .text._ZN2cv17_InputOutputArrayD2Ev
                0x0000000000003f5a       0x1f facedetect.o
                0x0000000000003f5a                cv::_InputOutputArray::~_InputOutputArray()
                0x0000000000003f5a                cv::_InputOutputArray::~_InputOutputArray()
 *fill*         0x0000000000003f79        0x1 
 .text._ZN2cv17CascadeClassifierC2ERKS0_
                0x0000000000003f7a       0x2a facedetect.o
                0x0000000000003f7a                cv::CascadeClassifier::CascadeClassifier(cv::CascadeClassifier const&)
                0x0000000000003f7a                cv::CascadeClassifier::CascadeClassifier(cv::CascadeClassifier const&)
 .text._ZN9__gnu_cxx11char_traitsIcE2eqERKcS3_
                0x0000000000003fa4       0x25 facedetect.o
                0x0000000000003fa4                __gnu_cxx::char_traits<char>::eq(char const&, char const&)
 *fill*         0x0000000000003fc9        0x1 
 .text._ZN9__gnu_cxx11char_traitsIcE6lengthEPKc
                0x0000000000003fca       0x6d facedetect.o
                0x0000000000003fca                __gnu_cxx::char_traits<char>::length(char const*)
 *fill*         0x0000000000004037        0x1 
 .text._ZNSt7__cxx1112basic_stringIcSt11char_traitsIcESaIcEE12_Alloc_hiderD2Ev
                0x0000000000004038       0x1f facedetect.o
                0x0000000000004038                std::__cxx11::basic_string<char, std::char_traits<char>, std::allocator<char> >::_Alloc_hider::~_Alloc_hider()
                0x0000000000004038                std::__cxx11::basic_string<char, std::char_traits<char>, std::allocator<char> >::_Alloc_hider::~_Alloc_hider()
 *fill*         0x0000000000004057        0x1 
 .text._ZN2cv5Size_IiEC2Ev
                0x0000000000004058       0x24 facedetect.o
                0x0000000000004058                cv::Size_<int>::Size_()
                0x0000000000004058                cv::Size_<int>::Size_()
 .text._ZN2cv5Size_IiEC2Eii
                0x000000000000407c       0x28 facedetect.o
                0x000000000000407c                cv::Size_<int>::Size_(int, int)
                0x000000000000407c                cv::Size_<int>::Size_(int, int)
 .text._ZNSt7__cxx1112basic_stringIcSt11char_traitsIcESaIcEEC2IS3_EEPKcRKS3_
                0x00000000000040a4       0xc3 facedetect.o
                0x00000000000040a4                std::__cxx11::basic_string<char, std::char_traits<char>, std::allocator<char> >::basic_string<std::allocator<char> >(char const*, std::allocator<char> const&)
                0x00000000000040a4                std::__cxx11::basic_string<char, std::char_traits<char>, std::allocator<char> >::basic_string<std::allocator<char> >(char const*, std::allocator<char> const&)
 *fill*         0x0000000000004167        0x1 
 .text._ZN2cv6Point_IiEC2Eii
                0x0000000000004168       0x28 facedetect.o
                0x0000000000004168                cv::Point_<int>::Point_(int, int)
                0x0000000000004168                cv::Point_<int>::Point_(int, int)
 .text._ZNSt12_Vector_baseIN2cv5Rect_IiEESaIS2_EE12_Vector_implC2Ev
                0x0000000000004190       0x2b facedetect.o
                0x0000000000004190                std::_Vector_base<cv::Rect_<int>, std::allocator<cv::Rect_<int> > >::_Vector_impl::_Vector_impl()
                0x0000000000004190                std::_Vector_base<cv::Rect_<int>, std::allocator<cv::Rect_<int> > >::_Vector_impl::_Vector_impl()
 *fill*         0x00000000000041bb        0x1 
 .text._ZNSaIN2cv5Rect_IiEEED2Ev
                0x00000000000041bc       0x1f facedetect.o
                0x00000000000041bc                std::allocator<cv::Rect_<int> >::~allocator()
                0x00000000000041bc                std::allocator<cv::Rect_<int> >::~allocator()
 *fill*         0x00000000000041db        0x1 
 .text._ZNSt12_Vector_baseIN2cv5Rect_IiEESaIS2_EED2Ev
                0x00000000000041dc       0x51 facedetect.o
                0x00000000000041dc                std::_Vector_base<cv::Rect_<int>, std::allocator<cv::Rect_<int> > >::~_Vector_base()
                0x00000000000041dc                std::_Vector_base<cv::Rect_<int>, std::allocator<cv::Rect_<int> > >::~_Vector_base()
 *fill*         0x000000000000422d        0x1 
 .text._ZNSt6vectorIN2cv5Rect_IiEESaIS2_EED2Ev
                0x000000000000422e       0x48 facedetect.o
                0x000000000000422e                std::vector<cv::Rect_<int>, std::allocator<cv::Rect_<int> > >::~vector()
                0x000000000000422e                std::vector<cv::Rect_<int>, std::allocator<cv::Rect_<int> > >::~vector()
 .text._ZNKSt6vectorIN2cv5Rect_IiEESaIS2_EE4sizeEv
                0x0000000000004276       0x27 facedetect.o
                0x0000000000004276                std::vector<cv::Rect_<int>, std::allocator<cv::Rect_<int> > >::size() const
 *fill*         0x000000000000429d        0x1 
 .text._ZNSt6vectorIN2cv5Rect_IiEESaIS2_EEixEm
                0x000000000000429e       0x24 facedetect.o
                0x000000000000429e                std::vector<cv::Rect_<int>, std::allocator<cv::Rect_<int> > >::operator[](unsigned long)
 .text._ZN2cv7Scalar_IdEC2Edddd
                0x00000000000042c2       0x6a facedetect.o
                0x00000000000042c2                cv::Scalar_<double>::Scalar_(double, double, double, double)
                0x00000000000042c2                cv::Scalar_<double>::Scalar_(double, double, double, double)
 .text._ZNSt12__shared_ptrIN2cv21BaseCascadeClassifierELN9__gnu_cxx12_Lock_policyE2EEC2ERKS4_
                0x000000000000432c       0x40 facedetect.o
                0x000000000000432c                std::__shared_ptr<cv::BaseCascadeClassifier, (__gnu_cxx::_Lock_policy)2>::__shared_ptr(std::__shared_ptr<cv::BaseCascadeClassifier, (__gnu_cxx::_Lock_policy)2> const&)
                0x000000000000432c                std::__shared_ptr<cv::BaseCascadeClassifier, (__gnu_cxx::_Lock_policy)2>::__shared_ptr(std::__shared_ptr<cv::BaseCascadeClassifier, (__gnu_cxx::_Lock_policy)2> const&)
 .text._ZNSt10shared_ptrIN2cv21BaseCascadeClassifierEEC2ERKS2_
                0x000000000000436c       0x2a facedetect.o
                0x000000000000436c                std::shared_ptr<cv::BaseCascadeClassifier>::shared_ptr(std::shared_ptr<cv::BaseCascadeClassifier> const&)
                0x000000000000436c                std::shared_ptr<cv::BaseCascadeClassifier>::shared_ptr(std::shared_ptr<cv::BaseCascadeClassifier> const&)
 .text._ZN2cv3PtrINS_21BaseCascadeClassifierEEC2ERKS2_
                0x0000000000004396       0x2a facedetect.o
                0x0000000000004396                cv::Ptr<cv::BaseCascadeClassifier>::Ptr(cv::Ptr<cv::BaseCascadeClassifier> const&)
                0x0000000000004396                cv::Ptr<cv::BaseCascadeClassifier>::Ptr(cv::Ptr<cv::BaseCascadeClassifier> const&)
 .text._ZN2cv3VecIdLi4EEC2Ev
                0x00000000000043c0       0x1f facedetect.o
                0x00000000000043c0                cv::Vec<double, 4>::Vec()
                0x00000000000043c0                cv::Vec<double, 4>::Vec()
 .text._ZSt8distanceIPKcENSt15iterator_traitsIT_E15difference_typeES3_S3_
                0x00000000000043df       0x35 facedetect.o
                0x00000000000043df                std::iterator_traits<char const*>::difference_type std::distance<char const*>(char const*, char const*)
 .text._ZNSt7__cxx1112basic_stringIcSt11char_traitsIcESaIcEE12_M_constructIPKcEEvT_S8_St20forward_iterator_tag
                0x0000000000004414      0x145 facedetect.o
                0x0000000000004414                void std::__cxx11::basic_string<char, std::char_traits<char>, std::allocator<char> >::_M_construct<char const*>(char const*, char const*, std::forward_iterator_tag)
 *fill*         0x0000000000004559        0x1 
 .text._ZNSaIN2cv5Rect_IiEEEC2Ev
                0x000000000000455a       0x1f facedetect.o
                0x000000000000455a                std::allocator<cv::Rect_<int> >::allocator()
                0x000000000000455a                std::allocator<cv::Rect_<int> >::allocator()
 *fill*         0x0000000000004579        0x1 
 .text._ZNSt12_Vector_baseIN2cv5Rect_IiEESaIS2_EE17_Vector_impl_dataC2Ev
                0x000000000000457a       0x32 facedetect.o
                0x000000000000457a                std::_Vector_base<cv::Rect_<int>, std::allocator<cv::Rect_<int> > >::_Vector_impl_data::_Vector_impl_data()
                0x000000000000457a                std::_Vector_base<cv::Rect_<int>, std::allocator<cv::Rect_<int> > >::_Vector_impl_data::_Vector_impl_data()
 .text._ZN9__gnu_cxx13new_allocatorIN2cv5Rect_IiEEED2Ev
                0x00000000000045ac        0xf facedetect.o
                0x00000000000045ac                __gnu_cxx::new_allocator<cv::Rect_<int> >::~new_allocator()
                0x00000000000045ac                __gnu_cxx::new_allocator<cv::Rect_<int> >::~new_allocator()
 *fill*         0x00000000000045bb        0x1 
 .text._ZNSt12_Vector_baseIN2cv5Rect_IiEESaIS2_EE13_M_deallocateEPS2_m
                0x00000000000045bc       0x39 facedetect.o
                0x00000000000045bc                std::_Vector_base<cv::Rect_<int>, std::allocator<cv::Rect_<int> > >::_M_deallocate(cv::Rect_<int>*, unsigned long)
 *fill*         0x00000000000045f5        0x1 
 .text._ZNSt12_Vector_baseIN2cv5Rect_IiEESaIS2_EE19_M_get_Tp_allocatorEv
                0x00000000000045f6       0x12 facedetect.o
                0x00000000000045f6                std::_Vector_base<cv::Rect_<int>, std::allocator<cv::Rect_<int> > >::_M_get_Tp_allocator()
 .text._ZSt8_DestroyIPN2cv5Rect_IiEES2_EvT_S4_RSaIT0_E
                0x0000000000004608       0x2e facedetect.o
                0x0000000000004608                void std::_Destroy<cv::Rect_<int>*, cv::Rect_<int> >(cv::Rect_<int>*, cv::Rect_<int>*, std::allocator<cv::Rect_<int> >&)
 .text._ZNSt14__shared_countILN9__gnu_cxx12_Lock_policyE2EEC2ERKS2_
                0x0000000000004636       0x40 facedetect.o
                0x0000000000004636                std::__shared_count<(__gnu_cxx::_Lock_policy)2>::__shared_count(std::__shared_count<(__gnu_cxx::_Lock_policy)2> const&)
                0x0000000000004636                std::__shared_count<(__gnu_cxx::_Lock_policy)2>::__shared_count(std::__shared_count<(__gnu_cxx::_Lock_policy)2> const&)
 .text._ZN2cv4MatxIdLi4ELi1EEC2Ev
                0x0000000000004676       0x36 facedetect.o
                0x0000000000004676                cv::Matx<double, 4, 1>::Matx()
                0x0000000000004676                cv::Matx<double, 4, 1>::Matx()
 .text._ZN9__gnu_cxx17__is_null_pointerIKcEEbPT_
                0x00000000000046ac       0x16 facedetect.o
                0x00000000000046ac                bool __gnu_cxx::__is_null_pointer<char const>(char const*)
 .text._ZSt19__iterator_categoryIPKcENSt15iterator_traitsIT_E17iterator_categoryERKS3_
                0x00000000000046c2        0xe facedetect.o
                0x00000000000046c2                std::iterator_traits<char const*>::iterator_category std::__iterator_category<char const*>(char const* const&)
 .text._ZSt10__distanceIPKcENSt15iterator_traitsIT_E15difference_typeES3_S3_St26random_access_iterator_tag
                0x00000000000046d0       0x1a facedetect.o
                0x00000000000046d0                std::iterator_traits<char const*>::difference_type std::__distance<char const*>(char const*, char const*, std::random_access_iterator_tag)
 .text._ZN9__gnu_cxx13new_allocatorIN2cv5Rect_IiEEEC2Ev
                0x00000000000046ea        0xf facedetect.o
                0x00000000000046ea                __gnu_cxx::new_allocator<cv::Rect_<int> >::new_allocator()
                0x00000000000046ea                __gnu_cxx::new_allocator<cv::Rect_<int> >::new_allocator()
 .text._ZNSt16allocator_traitsISaIN2cv5Rect_IiEEEE10deallocateERS3_PS2_m
                0x00000000000046f9       0x32 facedetect.o
                0x00000000000046f9                std::allocator_traits<std::allocator<cv::Rect_<int> > >::deallocate(std::allocator<cv::Rect_<int> >&, cv::Rect_<int>*, unsigned long)
 .text._ZSt8_DestroyIPN2cv5Rect_IiEEEvT_S4_
                0x000000000000472b       0x2a facedetect.o
                0x000000000000472b                void std::_Destroy<cv::Rect_<int>*>(cv::Rect_<int>*, cv::Rect_<int>*)
 *fill*         0x0000000000004755        0x1 
 .text._ZNSt16_Sp_counted_baseILN9__gnu_cxx12_Lock_policyE2EE15_M_add_ref_copyEv
                0x0000000000004756       0x6d facedetect.o
                0x0000000000004756                std::_Sp_counted_base<(__gnu_cxx::_Lock_policy)2>::_M_add_ref_copy()
 *fill*         0x00000000000047c3        0x1 
 .text._ZN9__gnu_cxx13new_allocatorIN2cv5Rect_IiEEE10deallocateEPS3_m
                0x00000000000047c4       0x34 facedetect.o
                0x00000000000047c4                __gnu_cxx::new_allocator<cv::Rect_<int> >::deallocate(cv::Rect_<int>*, unsigned long)
 .text._ZNSt12_Destroy_auxILb1EE9__destroyIPN2cv5Rect_IiEEEEvT_S6_
                0x00000000000047f8       0x13 facedetect.o
                0x00000000000047f8                void std::_Destroy_aux<true>::__destroy<cv::Rect_<int>*>(cv::Rect_<int>*, cv::Rect_<int>*)
 .text          0x000000000000480b        0x0 /usr/lib/gcc/x86_64-linux-gnu/11/crtendS.o
 .text          0x000000000000480b        0x0 /usr/lib/gcc/x86_64-linux-gnu/11/../../../x86_64-linux-gnu/crtn.o
 *(.gnu.warning)

.fini           0x000000000000480c        0xd
 *(SORT_NONE(.fini))
 .fini          0x000000000000480c        0x8 /usr/lib/gcc/x86_64-linux-gnu/11/../../../x86_64-linux-gnu/crti.o
                0x000000000000480c                _fini
 .fini          0x0000000000004814        0x5 /usr/lib/gcc/x86_64-linux-gnu/11/../../../x86_64-linux-gnu/crtn.o
                [!provide]                        PROVIDE (__etext = .)
                [!provide]                        PROVIDE (_etext = .)
                [!provide]                        PROVIDE (etext = .)
                0x0000000000005000                . = ALIGN (CONSTANT (MAXPAGESIZE))
                0x0000000000005000                . = SEGMENT_START ("rodata-segment", (ALIGN (CONSTANT (MAXPAGESIZE)) + (. & (CONSTANT (MAXPAGESIZE) - 0x1))))

.rodata         0x0000000000005000      0x278
 *(.rodata .rodata.* .gnu.linkonce.r.*)
 .rodata.cst4   0x0000000000005000        0x4 /usr/lib/gcc/x86_64-linux-gnu/11/../../../x86_64-linux-gnu/Scrt1.o
                0x0000000000005000                _IO_stdin_used
 *fill*         0x0000000000005004        0x4 
 .rodata        0x0000000000005008      0x270 facedetect.o

.rodata1
 *(.rodata1)

.eh_frame_hdr   0x0000000000005278      0x20c
 *(.eh_frame_hdr)
 .eh_frame_hdr  0x0000000000005278      0x20c /usr/lib/gcc/x86_64-linux-gnu/11/../../../x86_64-linux-gnu/Scrt1.o
                0x0000000000005278                __GNU_EH_FRAME_HDR
 *(.eh_frame_entry .eh_frame_entry.*)

.eh_frame       0x0000000000005488      0x870
 *(.eh_frame)
 .eh_frame      0x0000000000005488       0x30 /usr/lib/gcc/x86_64-linux-gnu/11/../../../x86_64-linux-gnu/Scrt1.o
                                         0x2c (size before relaxing)
 *fill*         0x00000000000054b8        0x0 
 .eh_frame      0x00000000000054b8       0x28 /usr/lib/gcc/x86_64-linux-gnu/11/../../../x86_64-linux-gnu/Scrt1.o
                                         0x40 (size before relaxing)
 .eh_frame      0x00000000000054e0       0x18 /usr/lib/gcc/x86_64-linux-gnu/11/../../../x86_64-linux-gnu/Scrt1.o
                                         0x30 (size before relaxing)
 .eh_frame      0x00000000000054f8       0x18 /usr/lib/gcc/x86_64-linux-gnu/11/../../../x86_64-linux-gnu/Scrt1.o
                                         0x30 (size before relaxing)
 .eh_frame      0x0000000000005510      0x7e4 facedetect.o
                                        0x800 (size before relaxing)
 .eh_frame      0x0000000000005cf4        0x4 /usr/lib/gcc/x86_64-linux-gnu/11/crtendS.o
 *(.eh_frame.*)

.gcc_except_table
                0x0000000000005cf8       0xa8
 *(.gcc_except_table .gcc_except_table.*)
 .gcc_except_table
                0x0000000000005cf8       0xa8 facedetect.o

.gnu_extab
 *(.gnu_extab*)

.exception_ranges
 *(.exception_ranges*)
                0x0000000000007b20                . = DATA_SEGMENT_ALIGN (CONSTANT (MAXPAGESIZE), CONSTANT (COMMONPAGESIZE))

.eh_frame
 *(.eh_frame)
 *(.eh_frame.*)

.gnu_extab
 *(.gnu_extab)

.gcc_except_table
 *(.gcc_except_table .gcc_except_table.*)

.exception_ranges
 *(.exception_ranges*)

.tdata          0x0000000000007b20        0x0
                [!provide]                        PROVIDE (__tdata_start = .)
 *(.tdata .tdata.* .gnu.linkonce.td.*)

.tbss
 *(.tbss .tbss.* .gnu.linkonce.tb.*)
 *(.tcommon)

.preinit_array  0x0000000000007b20        0x0
                [!provide]                        PROVIDE (__preinit_array_start = .)
 *(.preinit_array)
                [!provide]                        PROVIDE (__preinit_array_end = .)

.init_array     0x0000000000007b20       0x10
                [!provide]                        PROVIDE (__init_array_start = .)
 *(SORT_BY_INIT_PRIORITY(.init_array.*) SORT_BY_INIT_PRIORITY(.ctors.*))
 *(.init_array EXCLUDE_FILE(*crtend?.o *crtend.o *crtbegin?.o *crtbegin.o) .ctors)
 .init_array    0x0000000000007b20        0x8 /usr/lib/gcc/x86_64-linux-gnu/11/crtbeginS.o
 .init_array    0x0000000000007b28        0x8 facedetect.o
                [!provide]                        PROVIDE (__init_array_end = .)

.fini_array     0x0000000000007b30        0x8
                [!provide]                        PROVIDE (__fini_array_start = .)
 *(SORT_BY_INIT_PRIORITY(.fini_array.*) SORT_BY_INIT_PRIORITY(.dtors.*))
 *(.fini_array EXCLUDE_FILE(*crtend?.o *crtend.o *crtbegin?.o *crtbegin.o) .dtors)
 .fini_array    0x0000000000007b30        0x8 /usr/lib/gcc/x86_64-linux-gnu/11/crtbeginS.o
                [!provide]                        PROVIDE (__fini_array_end = .)

.ctors
 *crtbegin.o(.ctors)
 *crtbegin?.o(.ctors)
 *(EXCLUDE_FILE(*crtend?.o *crtend.o) .ctors)
 *(SORT_BY_NAME(.ctors.*))
 *(.ctors)

.dtors
 *crtbegin.o(.dtors)
 *crtbegin?.o(.dtors)
 *(EXCLUDE_FILE(*crtend?.o *crtend.o) .dtors)
 *(SORT_BY_NAME(.dtors.*))
 *(.dtors)

.jcr
 *(.jcr)

.data.rel.ro    0x0000000000007b38        0x0
 *(.data.rel.ro.local* .gnu.linkonce.d.rel.ro.local.*)
 *(.data.rel.ro .data.rel.ro.* .gnu.linkonce.d.rel.ro.*)
 .data.rel.ro   0x0000000000007b38        0x0 /usr/lib/gcc/x86_64-linux-gnu/11/../../../x86_64-linux-gnu/Scrt1.o

.dynamic        0x0000000000007b38      0x260
 *(.dynamic)
 .dynamic       0x0000000000007b38      0x260 /usr/lib/gcc/x86_64-linux-gnu/11/../../../x86_64-linux-gnu/Scrt1.o
                0x0000000000007b38                _DYNAMIC

.got            0x0000000000007d98      0x268
 *(.got.plt)
 .got.plt       0x0000000000007d98      0x228 /usr/lib/gcc/x86_64-linux-gnu/11/../../../x86_64-linux-gnu/Scrt1.o
                0x0000000000007d98                _GLOBAL_OFFSET_TABLE_
 *(.igot.plt)
 *(.got)
 .got           0x0000000000007fc0       0x40 /usr/lib/gcc/x86_64-linux-gnu/11/../../../x86_64-linux-gnu/Scrt1.o
 *(.igot)
                0x0000000000008000                . = DATA_SEGMENT_RELRO_END (., 0x0)

.data           0x0000000000008000       0x18
 *(.data .data.* .gnu.linkonce.d.*)
 .data          0x0000000000008000        0x4 /usr/lib/gcc/x86_64-linux-gnu/11/../../../x86_64-linux-gnu/Scrt1.o
                0x0000000000008000                data_start
                0x0000000000008000                __data_start
 .data          0x0000000000008004        0x0 /usr/lib/gcc/x86_64-linux-gnu/11/../../../x86_64-linux-gnu/crti.o
 .data          0x0000000000008004        0x0 /usr/lib/gcc/x86_64-linux-gnu/11/crtbeginS.o
 *fill*         0x0000000000008004        0x4 
 .data.rel.local
                0x0000000000008008        0x8 /usr/lib/gcc/x86_64-linux-gnu/11/crtbeginS.o
                0x0000000000008008                __dso_handle
 .data          0x0000000000008010        0x0 facedetect.o
 .data.rel.local.DW.ref.__gxx_personality_v0
                0x0000000000008010        0x8 facedetect.o
                0x0000000000008010                DW.ref.__gxx_personality_v0
 .data          0x0000000000008018        0x0 /usr/lib/gcc/x86_64-linux-gnu/11/crtendS.o
 .data          0x0000000000008018        0x0 /usr/lib/gcc/x86_64-linux-gnu/11/../../../x86_64-linux-gnu/crtn.o

.tm_clone_table
                0x0000000000008018        0x0
 .tm_clone_table
                0x0000000000008018        0x0 /usr/lib/gcc/x86_64-linux-gnu/11/crtbeginS.o
 .tm_clone_table
                0x0000000000008018        0x0 /usr/lib/gcc/x86_64-linux-gnu/11/crtendS.o

.data1
 *(.data1)
                0x0000000000008018                _edata = .
                [!provide]                        PROVIDE (edata = .)
                0x0000000000008018                . = .
                0x0000000000008018                __bss_start = .

.bss            0x0000000000008020       0xa8
 *(.dynbss)
 .dynbss        0x0000000000008020        0x1 /usr/lib/gcc/x86_64-linux-gnu/11/../../../x86_64-linux-gnu/Scrt1.o
                0x0000000000008020                __libc_single_threaded@@GLIBC_2.32
 *(.bss .bss.* .gnu.linkonce.b.*)
 .bss           0x0000000000008021        0x0 /usr/lib/gcc/x86_64-linux-gnu/11/../../../x86_64-linux-gnu/Scrt1.o
 .bss           0x0000000000008021        0x0 /usr/lib/gcc/x86_64-linux-gnu/11/../../../x86_64-linux-gnu/crti.o
 .bss           0x0000000000008021        0x1 /usr/lib/gcc/x86_64-linux-gnu/11/crtbeginS.o
 *fill*         0x0000000000008022       0x1e 
 .bss           0x0000000000008040       0x81 facedetect.o
                0x0000000000008040                faceCascadePath[abi:cxx11]
                0x0000000000008060                faceCascade
                0x0000000000008070                overall_start_time
                0x0000000000008078                overall_stop_time
                0x0000000000008080                semaphore_10ms
                0x00000000000080a0                semaphore_20ms
 .bss           0x00000000000080c1        0x0 /usr/lib/gcc/x86_64-linux-gnu/11/crtendS.o
 .bss           0x00000000000080c1        0x0 /usr/lib/gcc/x86_64-linux-gnu/11/../../../x86_64-linux-gnu/crtn.o
 *(COMMON)
                0x00000000000080c8                . = ALIGN ((. != 0x0)?0x8:0x1)
 *fill*         0x00000000000080c1        0x7 

.lbss
 *(.dynlbss)
 *(.lbss .lbss.* .gnu.linkonce.lb.*)
 *(LARGE_COMMON)
                0x00000000000080c8                . = ALIGN (0x8)
                0x00000000000080c8                . = SEGMENT_START ("ldata-segment", .)

.lrodata
 *(.lrodata .lrodata.* .gnu.linkonce.lr.*)

.ldata          0x000000000000a0c8        0x0
 *(.ldata .ldata.* .gnu.linkonce.l.*)
                0x000000000000a0c8                . = ALIGN ((. != 0x0)?0x8:0x1)
                0x000000000000a0c8                . = ALIGN (0x8)
                0x00000000000080c8                _end = .
                [!provide]                        PROVIDE (end = .)
                0x000000000000a0c8                . = DATA_SEGMENT_END (.)

.stab
 *(.stab)

.stabstr
 *(.stabstr)

.stab.excl
 *(.stab.excl)

.stab.exclstr
 *(.stab.exclstr)

.stab.index
 *(.stab.index)

.stab.indexstr
 *(.stab.indexstr)

.comment        0x0000000000000000       0x2b
 *(.comment)
 .comment       0x0000000000000000       0x2b /usr/lib/gcc/x86_64-linux-gnu/11/crtbeginS.o
                                         0x2c (size before relaxing)
 .comment       0x000000000000002b       0x2c facedetect.o
 .comment       0x000000000000002b       0x2c /usr/lib/gcc/x86_64-linux-gnu/11/crtendS.o

.gnu.build.attributes
 *(.gnu.build.attributes .gnu.build.attributes.*)

.debug
 *(.debug)

.line
 *(.line)

.debug_srcinfo
 *(.debug_srcinfo)

.debug_sfnames
 *(.debug_sfnames)

.debug_aranges  0x0000000000000000      0x360
 *(.debug_aranges)
 .debug_aranges
                0x0000000000000000      0x360 facedetect.o

.debug_pubnames
 *(.debug_pubnames)

.debug_info     0x0000000000000000    0x1e863
 *(.debug_info .gnu.linkonce.wi.*)
 .debug_info    0x0000000000000000    0x1e863 facedetect.o

.debug_abbrev   0x0000000000000000     0x11b8
 *(.debug_abbrev)
 .debug_abbrev  0x0000000000000000     0x11b8 facedetect.o

.debug_line     0x0000000000000000      0xdc7
 *(.debug_line .debug_line.* .debug_line_end)
 .debug_line    0x0000000000000000      0xdc7 facedetect.o

.debug_frame
 *(.debug_frame)

.debug_str      0x0000000000000000    0x241df
 *(.debug_str)
 .debug_str     0x0000000000000000    0x241df facedetect.o
                                      0x249fb (size before relaxing)

.debug_loc
 *(.debug_loc)

.debug_macinfo
 *(.debug_macinfo)

.debug_weaknames
 *(.debug_weaknames)

.debug_funcnames
 *(.debug_funcnames)

.debug_typenames
 *(.debug_typenames)

.debug_varnames
 *(.debug_varnames)

.debug_pubtypes
 *(.debug_pubtypes)

.debug_ranges
 *(.debug_ranges)

.debug_addr
 *(.debug_addr)

.debug_line_str
                0x0000000000000000      0x6b9
 *(.debug_line_str)
 .debug_line_str
                0x0000000000000000      0x6b9 facedetect.o
                                        0x786 (size before relaxing)

.debug_loclists
 *(.debug_loclists)

.debug_macro
 *(.debug_macro)

.debug_names
 *(.debug_names)

.debug_rnglists
                0x0000000000000000      0x23e
 *(.debug_rnglists)
 .debug_rnglists
                0x0000000000000000      0x23e facedetect.o

.debug_str_offsets
 *(.debug_str_offsets)

.debug_sup
 *(.debug_sup)

.gnu.attributes
 *(.gnu.attributes)

/DISCARD/
 *(.note.GNU-stack)
 *(.gnu_debuglink)
 *(.gnu.lto_*)
OUTPUT(facedetect elf64-x86-64)
